<html>
<body>
<pre>
<h1>礦ision Build Log</h1>
<h2>Tool Versions:</h2>
IDE-Version: μVision V5.40.0.0
Copyright (C) 2024 ARM Ltd and ARM Germany GmbH. All rights reserved.
License Information: de Administrator, ds, LIC=RC93N-YZ1WR-UHV8H-W7SWW-4KUDK-RGBB0
 
Tool Versions:
Toolchain:       MDK-ARM Plus  Version: 5.40.0.3
Toolchain Path:  E:\keil\ARM\aaa\Bin
C Compiler:      Armcc.exe V5.06 update 7 (build 960)
Assembler:       Armasm.exe V5.06 update 7 (build 960)
Linker/Locator:  ArmLink.exe V5.06 update 7 (build 960)
Library Manager: ArmAr.exe V5.06 update 7 (build 960)
Hex Converter:   FromElf.exe V5.06 update 7 (build 960)
CPU DLL:         SARMCM3.DLL V5.40.0.3
Dialog DLL:      DARMSTM.DLL V1.69.1.0
Target DLL:      UL2CM3.DLL V1.164.11.0
Dialog DLL:      TARMSTM.DLL V1.67.1.0
 
<h2>Project:</h2>
C:\Users\Administrator\Desktop\rtos\my_rtos\USER\STM32-DEMO.uvprojx
Project File Date:  04/25/2026

<h2>Output:</h2>
*** Using Compiler 'V5.06 update 7 (build 960)', folder: 'E:\keil\ARM\aaa\Bin'
*** Note: Rebuilding project, since 'Options->Output->Create Batch File' is selected.
Rebuild target 'KEY-DEMO'
assembling startup_stm32f10x_hd.s...
assembling rtos.s...
rtos.s(45): warning: A1581W: Added 2 bytes of padding at address 0x3e
compiling main.c...
type.h(30): warning:  #1-D: last line of file ends without a newline
  #endif
task.h(25): warning:  #1-D: last line of file ends without a newline
  #endif
semaphore.h(22): warning:  #1-D: last line of file ends without a newline
  #endif
main.c(48): warning:  #111-D: statement is unreachable
      return 0;  // 理论上不会执行到这里
main.c(49): warning:  #1-D: last line of file ends without a newline
  }
main.c: 5 warnings, 0 errors
compiling task.c...
type.h(30): warning:  #1-D: last line of file ends without a newline
  #endif
task.h(25): warning:  #1-D: last line of file ends without a newline
  #endif
task.c: 2 warnings, 0 errors
compiling semaphore.c...
type.h(30): warning:  #1-D: last line of file ends without a newline
  #endif
Semaphore.h(22): warning:  #1-D: last line of file ends without a newline
  #endif
task.h(25): warning:  #1-D: last line of file ends without a newline
  #endif
semaphore.c: 3 warnings, 0 errors
linking...
Program Size: Code=956 RO-data=336 RW-data=16 ZI-data=2712  
FromELF: creating hex file...
".\STM32-DEMO.axf" - 0 Error(s), 11 Warning(s).

<h2>Software Packages used:</h2>

Package Vendor: ARM
                https://www.keil.com/pack/ARM.CMSIS.6.1.0.pack
                ARM::CMSIS@6.1.0
                CMSIS (Common Microcontroller Software Interface Standard)
   * Component: CORE Version: 6.1.0

Package Vendor: Keil
                https://www.keil.com/pack/Keil.STM32F1xx_DFP.2.4.1.pack
                Keil::STM32F1xx_DFP@2.4.1
                STMicroelectronics STM32F1 Series Device Support, Drivers and Examples

<h2>Collection of Component include folders:</h2>
  ./RTE/_KEY-DEMO
  E:/keil/ARM/CMSIS/6.1.0/CMSIS/Core/Include
  E:/keil/Keil/STM32F1xx_DFP/2.4.1/Device/Include

<h2>Collection of Component Files used:</h2>

   * Component: ARM::CMSIS:CORE@6.1.0
Build Time Elapsed:  00:00:01
</pre>
</body>
</html>
